[    0.000000] Initializing cgroup subsys cpuset
[    0.000000] Initializing cgroup subsys cpu
[    0.000000] Linux version 2.6.33-rc6-phx10 (root@phxmichael) (gcc version 4.4.1 (Ubuntu 4.4.1-4ubuntu9) ) #1 SMP Sun Jan 31 20:31:06 CST 2010
[    0.000000] Command line: BOOT_IMAGE=/casper/vmlinuz file=/cdrom/preseed/ubuntu.seed boot=casper initrd=/casper/initrd.lz quiet --
[    0.000000] BIOS-provided physical RAM map:
[    0.000000]  BIOS-e820: 0000000000000000 - 000000000009fc00 (usable)
[    0.000000]  BIOS-e820: 000000000009fc00 - 00000000000a0000 (reserved)
[    0.000000]  BIOS-e820: 00000000000e6000 - 0000000000100000 (reserved)
[    0.000000]  BIOS-e820: 0000000000100000 - 00000000cfe90000 (usable)
[    0.000000]  BIOS-e820: 00000000cfe90000 - 00000000cfea8000 (ACPI data)
[    0.000000]  BIOS-e820: 00000000cfea8000 - 00000000cfed0000 (ACPI NVS)
[    0.000000]  BIOS-e820: 00000000cfed0000 - 00000000cff00000 (reserved)
[    0.000000]  BIOS-e820: 00000000fff00000 - 0000000100000000 (reserved)
[    0.000000]  BIOS-e820: 0000000100000000 - 0000000230000000 (usable)
[    0.000000] NX (Execute Disable) protection: active
[    0.000000] DMI present.
[    0.000000] AMI BIOS detected: BIOS may corrupt low RAM, working around it.
[    0.000000] e820 update range: 0000000000000000 - 0000000000010000 (usable) ==> (reserved)
[    0.000000] No AGP bridge found
[    0.000000] last_pfn = 0x230000 max_arch_pfn = 0x400000000
[    0.000000] MTRR default type: uncachable
[    0.000000] MTRR fixed ranges enabled:
[    0.000000]   00000-9FFFF write-back
[    0.000000]   A0000-EFFFF uncachable
[    0.000000]   F0000-FFFFF write-protect
[    0.000000] MTRR variable ranges enabled:
[    0.000000]   0 base 000000000000 mask FFFF80000000 write-back
[    0.000000]   1 base 000080000000 mask FFFFC0000000 write-back
[    0.000000]   2 base 0000C0000000 mask FFFFF0000000 write-back
[    0.000000]   3 disabled
[    0.000000]   4 disabled
[    0.000000]   5 disabled
[    0.000000]   6 disabled
[    0.000000]   7 disabled
[    0.000000] TOM2: 0000000230000000 aka 8960M
[    0.000000] x86 PAT enabled: cpu 0, old 0x7040600070406, new 0x7010600070106
[    0.000000] e820 update range: 00000000d0000000 - 0000000100000000 (usable) ==> (reserved)
[    0.000000] last_pfn = 0xcfe90 max_arch_pfn = 0x400000000
[    0.000000] initial memory mapped : 0 - 20000000
[    0.000000] Using GB pages for direct mapping
[    0.000000] init_memory_mapping: 0000000000000000-00000000cfe90000
[    0.000000]  0000000000 - 00c0000000 page 1G
[    0.000000]  00c0000000 - 00cfe00000 page 2M
[    0.000000]  00cfe00000 - 00cfe90000 page 4k
[    0.000000] kernel direct mapping tables up to cfe90000 @ 12000-15000
[    0.000000] init_memory_mapping: 0000000100000000-0000000230000000
[    0.000000]  0100000000 - 0200000000 page 1G
[    0.000000]  0200000000 - 0230000000 page 2M
[    0.000000] kernel direct mapping tables up to 230000000 @ 14000-16000
[    0.000000] RAMDISK: 7f907000 - 7ffffd81
[    0.000000] ACPI: RSDP 00000000000fb860 00014 (v00 ACPIAM)
[    0.000000] ACPI: RSDT 00000000cfe90000 00038 (v01 111909 RSDT1708 20091119 MSFT 00000097)
[    0.000000] ACPI: FACP 00000000cfe90200 00084 (v01 111909 FACP1708 20091119 MSFT 00000097)
[    0.000000] ACPI Warning: Optional field Pm2ControlBlock has zero address or length: 0000000000000000/1 (20091214/tbfadt-557)
[    0.000000] ACPI: DSDT 00000000cfe90440 0E638 (v01  A1160 A1160000 00000000 INTL 20060113)
[    0.000000] ACPI: FACS 00000000cfea8000 00040
[    0.000000] ACPI: APIC 00000000cfe90390 0006C (v01 111909 APIC1708 20091119 MSFT 00000097)
[    0.000000] ACPI: MCFG 00000000cfe90400 0003C (v01 111909 OEMMCFG  20091119 MSFT 00000097)
[    0.000000] ACPI: OEMB 00000000cfea8040 00072 (v01 111909 OEMB1708 20091119 MSFT 00000097)
[    0.000000] ACPI: HPET 00000000cfe9f440 00038 (v01 111909 OEMHPET  20091119 MSFT 00000097)
[    0.000000] ACPI: Local APIC address 0xfee00000
[    0.000000] Scanning NUMA topology in Northbridge 24
[    0.000000] No NUMA configuration found
[    0.000000] Faking a node at 0000000000000000-0000000230000000
[    0.000000] Bootmem setup node 0 0000000000000000-0000000230000000
[    0.000000]   NODE_DATA [0000000000015000 - 0000000000019fff]
[    0.000000]   bootmap [000000000001a000 -  000000000005ffff] pages 46
[    0.000000] (8 early reservations) ==> bootmem [0000000000 - 0230000000]
[    0.000000]   #0 [0000000000 - 0000001000]   BIOS data page ==> [0000000000 - 0000001000]
[    0.000000]   #1 [0001000000 - 00018a8774]    TEXT DATA BSS ==> [0001000000 - 00018a8774]
[    0.000000]   #2 [007f907000 - 007ffffd81]          RAMDISK ==> [007f907000 - 007ffffd81]
[    0.000000]   #3 [000009fc00 - 0000100000]    BIOS reserved ==> [000009fc00 - 0000100000]
[    0.000000]   #4 [00018a9000 - 00018a929c]              BRK ==> [00018a9000 - 00018a929c]
[    0.000000]   #5 [0000010000 - 0000012000]       TRAMPOLINE ==> [0000010000 - 0000012000]
[    0.000000]   #6 [0000012000 - 0000014000]          PGTABLE ==> [0000012000 - 0000014000]
[    0.000000]   #7 [0000014000 - 0000015000]          PGTABLE ==> [0000014000 - 0000015000]
[    0.000000]  [ffffea0000000000-ffffea0007bfffff] PMD -> [ffff880028600000-ffff88002f7fffff] on node 0
[    0.000000] Zone PFN ranges:
[    0.000000]   DMA      0x00000010 -> 0x00001000
[    0.000000]   DMA32    0x00001000 -> 0x00100000
[    0.000000]   Normal   0x00100000 -> 0x00230000
[    0.000000] Movable zone start PFN for each node
[    0.000000] early_node_map[3] active PFN ranges
[    0.000000]     0: 0x00000010 -> 0x0000009f
[    0.000000]     0: 0x00000100 -> 0x000cfe90
[    0.000000]     0: 0x00100000 -> 0x00230000
[    0.000000] On node 0 totalpages: 2096671
[    0.000000]   DMA zone: 56 pages used for memmap
[    0.000000]   DMA zone: 102 pages reserved
[    0.000000]   DMA zone: 3825 pages, LIFO batch:0
[    0.000000]   DMA32 zone: 14280 pages used for memmap
[    0.000000]   DMA32 zone: 833224 pages, LIFO batch:31
[    0.000000]   Normal zone: 17024 pages used for memmap
[    0.000000]   Normal zone: 1228160 pages, LIFO batch:31
[    0.000000] ACPI: PM-Timer IO Port: 0x808
[    0.000000] ACPI: Local APIC address 0xfee00000
[    0.000000] ACPI: LAPIC (acpi_id[0x01] lapic_id[0x00] enabled)
[    0.000000] ACPI: LAPIC (acpi_id[0x02] lapic_id[0x01] enabled)
[    0.000000] ACPI: LAPIC (acpi_id[0x03] lapic_id[0x02] enabled)
[    0.000000] ACPI: LAPIC (acpi_id[0x04] lapic_id[0x03] enabled)
[    0.000000] ACPI: IOAPIC (id[0x04] address[0xfec00000] gsi_base[0])
[    0.000000] IOAPIC[0]: apic_id 4, version 33, address 0xfec00000, GSI 0-23
[    0.000000] ACPI: INT_SRC_OVR (bus 0 bus_irq 0 global_irq 2 dfl dfl)
[    0.000000] ACPI: INT_SRC_OVR (bus 0 bus_irq 9 global_irq 9 low level)
[    0.000000] ACPI: IRQ0 used by override.
[    0.000000] ACPI: IRQ2 used by override.
[    0.000000] ACPI: IRQ9 used by override.
[    0.000000] Using ACPI (MADT) for SMP configuration information
[    0.000000] ACPI: HPET id: 0x8300 base: 0xfed00000
[    0.000000] SMP: Allowing 4 CPUs, 0 hotplug CPUs
[    0.000000] nr_irqs_gsi: 24
[    0.000000] Allocating PCI resources starting at cff00000 (gap: cff00000:30000000)
[    0.000000] setup_percpu: NR_CPUS:64 nr_cpumask_bits:64 nr_cpu_ids:4 nr_node_ids:1
[    0.000000] PERCPU: Embedded 27 pages/cpu @ffff880028200000 s78168 r8192 d24232 u524288
[    0.000000] pcpu-alloc: s78168 r8192 d24232 u524288 alloc=1*2097152
[    0.000000] pcpu-alloc: [0] 0 1 2 3 
[    0.000000] Built 1 zonelists in Zone order, mobility grouping on.  Total pages: 2065209
[    0.000000] Policy zone: Normal
[    0.000000] Kernel command line: BOOT_IMAGE=/casper/vmlinuz file=/cdrom/preseed/ubuntu.seed boot=casper initrd=/casper/initrd.lz quiet --
[    0.000000] PID hash table entries: 4096 (order: 3, 32768 bytes)
[    0.000000] Checking aperture...
[    0.000000] No AGP bridge found
[    0.000000] Node 0: aperture @ 5026000000 size 32 MB
[    0.000000] Aperture beyond 4GB. Ignoring.
[    0.000000] Your BIOS doesn't leave a aperture memory hole
[    0.000000] Please enable the IOMMU option in the BIOS setup
[    0.000000] This costs you 64 MB of RAM
[    0.000000] Mapping aperture over 65536 KB of RAM @ 20000000
[    0.000000] Memory: 8121712k/9175040k available (4323k kernel code, 788356k absent, 264972k reserved, 2918k data, 512k init)
[    0.000000] SLUB: Genslabs=14, HWalign=64, Order=0-3, MinObjects=0, CPUs=4, Nodes=1
[    0.000000] Hierarchical RCU implementation.
[    0.000000] NR_IRQS:2304
[    0.000000] Console: colour VGA+ 80x25
[    0.000000] console [tty0] enabled
[    0.000000] allocated 83886080 bytes of page_cgroup
[    0.000000] please try 'cgroup_disable=memory' option if you don't want memory cgroups
[    0.000000] hpet clockevent registered
[    0.000000] Fast TSC calibration using PIT
[    0.000000] Detected 3411.651 MHz processor.
[    0.006670] Calibrating delay loop (skipped), value calculated using timer frequency.. 6826.59 BogoMIPS (lpj=11372156)
[    0.006685] Security Framework initialized
[    0.006688] Smack:  Initializing.
[    0.007034] Dentry cache hash table entries: 1048576 (order: 11, 8388608 bytes)
[    0.008965] Inode-cache hash table entries: 524288 (order: 10, 4194304 bytes)
[    0.010359] Mount-cache hash table entries: 256
[    0.010438] Initializing cgroup subsys ns
[    0.010440] Initializing cgroup subsys cpuacct
[    0.010442] Initializing cgroup subsys memory
[    0.010447] Initializing cgroup subsys freezer
[    0.010448] Initializing cgroup subsys net_cls
[    0.010459] tseg: 0000000000
[    0.010465] CPU: Physical Processor ID: 0
[    0.010466] CPU: Processor Core ID: 0
[    0.010468] using C1E aware idle routine
[    0.010469] Performance Events: AMD PMU driver.
[    0.010472] ... version:                0
[    0.010473] ... bit width:              48
[    0.010474] ... generic registers:      4
[    0.010475] ... value mask:             0000ffffffffffff
[    0.010476] ... max period:             00007fffffffffff
[    0.010476] ... fixed-purpose events:   0
[    0.010477] ... event mask:             000000000000000f
[    0.010486] ACPI: Core revision 20091214
[    0.023370] Setting APIC routing to flat
[    0.023718] ..TIMER: vector=0x30 apic1=0 pin1=2 apic2=-1 pin2=-1
[    0.056938] CPU0: AMD Phenom(tm) II X4 965 Processor stepping 03
[    0.059999] Booting Node   0, Processors  #1 #2 #3 Ok.
[    0.346729] Brought up 4 CPUs
[    0.346731] Total of 4 processors activated (27303.28 BogoMIPS).
[    0.348369] regulator: core version 0.5
[    0.348369] NET: Registered protocol family 16
[    0.348369] node 0 link 0: io port [1000, ffffff]
[    0.348369] TOM: 00000000d0000000 aka 3328M
[    0.348369] Fam 10h mmconf [e0000000, efffffff]
[    0.348369] node 0 link 0: mmio [e0000000, efffffff] ==> none
[    0.348369] node 0 link 0: mmio [f0000000, ffffffff]
[    0.348369] node 0 link 0: mmio [a0000, bffff]
[    0.348369] node 0 link 0: mmio [d0000000, dfffffff]
[    0.348369] TOM2: 0000000230000000 aka 8960M
[    0.348369] bus: [00, 07] on node 0 link 0
[    0.348369] bus: 00 index 0 io port: [0, ffff]
[    0.348369] bus: 00 index 1 mmio: [f0000000, ffffffff]
[    0.348369] bus: 00 index 2 mmio: [a0000, bffff]
[    0.348369] bus: 00 index 3 mmio: [d0000000, dfffffff]
[    0.348369] bus: 00 index 4 mmio: [230000000, fcffffffff]
[    0.348369] ACPI: bus type pci registered
[    0.348369] PCI: MMCONFIG for domain 0000 [bus 00-ff] at [mem 0xe0000000-0xefffffff] (base 0xe0000000)
[    0.348369] PCI: not using MMCONFIG
[    0.348369] PCI: Using configuration type 1 for base access
[    0.348369] PCI: Using configuration type 1 for extended access
[    0.348369] mtrr: your CPUs had inconsistent fixed MTRR settings
[    0.348369] mtrr: probably your BIOS does not setup all CPUs.
[    0.348369] mtrr: corrected configuration.
[    0.348369] bio: create slab <bio-0> at 0
[    0.348369] ACPI: EC: Look up EC in DSDT
[    0.352127] ACPI: Executed 3 blocks of module-level executable AML code
[    0.422243] ACPI: Interpreter enabled
[    0.422245] ACPI: (supports S0 S5)
[    0.422252] ACPI: Using IOAPIC for interrupt routing
[    0.422296] PCI: MMCONFIG for domain 0000 [bus 00-ff] at [mem 0xe0000000-0xefffffff] (base 0xe0000000)
[    0.425655] PCI: MMCONFIG at [mem 0xe0000000-0xefffffff] reserved in ACPI motherboard resources
[    0.435276] ACPI Warning: Incorrect checksum in table [OEMB] - 7D, should be 74 (20091214/tbutils-314)
[    0.435363] ACPI: No dock devices found.
[    0.435472] ACPI: PCI Root Bridge [PCI0] (0000:00)
[    0.435486] pci_root PNP0A03:00: ignoring host bridge windows from ACPI; boot with "pci=use_crs" to use them
[    0.435687] pci_root PNP0A03:00: host bridge window [io  0x0000-0x0cf7] (ignored)
[    0.435688] pci_root PNP0A03:00: host bridge window [io  0x0d00-0xffff] (ignored)
[    0.435690] pci_root PNP0A03:00: host bridge window [mem 0x000a0000-0x000bffff] (ignored)
[    0.435692] pci_root PNP0A03:00: host bridge window [mem 0x000d0000-0x000dffff] (ignored)
[    0.435693] pci_root PNP0A03:00: host bridge window [mem 0xcff00000-0xdfffffff] (ignored)
[    0.435695] pci_root PNP0A03:00: host bridge window [mem 0xf0000000-0xfebfffff] (ignored)
[    0.435713] pci 0000:00:00.0: reg 1c: [mem 0xe0000000-0xffffffff 64bit]
[    0.435761] pci 0000:00:02.0: PME# supported from D0 D3hot D3cold
[    0.435763] pci 0000:00:02.0: PME# disabled
[    0.435796] pci 0000:00:06.0: PME# supported from D0 D3hot D3cold
[    0.435798] pci 0000:00:06.0: PME# disabled
[    0.435828] pci 0000:00:07.0: PME# supported from D0 D3hot D3cold
[    0.435830] pci 0000:00:07.0: PME# disabled
[    0.435863] pci 0000:00:0b.0: PME# supported from D0 D3hot D3cold
[    0.435864] pci 0000:00:0b.0: PME# disabled
[    0.435902] pci 0000:00:11.0: reg 10: [io  0xb000-0xb007]
[    0.435908] pci 0000:00:11.0: reg 14: [io  0xa000-0xa003]
[    0.435913] pci 0000:00:11.0: reg 18: [io  0x9000-0x9007]
[    0.435919] pci 0000:00:11.0: reg 1c: [io  0x8000-0x8003]
[    0.435925] pci 0000:00:11.0: reg 20: [io  0x7000-0x700f]
[    0.435931] pci 0000:00:11.0: reg 24: [mem 0xf7cfe400-0xf7cfe7ff]
[    0.435947] pci 0000:00:11.0: set SATA to AHCI mode
[    0.435990] pci 0000:00:12.0: reg 10: [mem 0xf7cf6000-0xf7cf6fff]
[    0.436040] pci 0000:00:12.1: reg 10: [mem 0xf7cf7000-0xf7cf7fff]
[    0.436102] pci 0000:00:12.2: reg 10: [mem 0xf7cfe800-0xf7cfe8ff]
[    0.436151] pci 0000:00:12.2: supports D1 D2
[    0.436153] pci 0000:00:12.2: PME# supported from D0 D1 D2 D3hot
[    0.436156] pci 0000:00:12.2: PME# disabled
[    0.436184] pci 0000:00:13.0: reg 10: [mem 0xf7cfc000-0xf7cfcfff]
[    0.436233] pci 0000:00:13.1: reg 10: [mem 0xf7cfd000-0xf7cfdfff]
[    0.436294] pci 0000:00:13.2: reg 10: [mem 0xf7cfec00-0xf7cfecff]
[    0.436343] pci 0000:00:13.2: supports D1 D2
[    0.436344] pci 0000:00:13.2: PME# supported from D0 D1 D2 D3hot
[    0.436347] pci 0000:00:13.2: PME# disabled
[    0.436448] pci 0000:00:14.1: reg 10: [io  0x0000-0x0007]
[    0.436454] pci 0000:00:14.1: reg 14: [io  0x0000-0x0003]
[    0.436459] pci 0000:00:14.1: reg 18: [io  0x0000-0x0007]
[    0.436465] pci 0000:00:14.1: reg 1c: [io  0x0000-0x0003]
[    0.436471] pci 0000:00:14.1: reg 20: [io  0xff00-0xff0f]
[    0.436528] pci 0000:00:14.2: reg 10: [mem 0xf7cf8000-0xf7cfbfff 64bit]
[    0.436568] pci 0000:00:14.2: PME# supported from D0 D3hot D3cold
[    0.436571] pci 0000:00:14.2: PME# disabled
[    0.436669] pci 0000:00:14.5: reg 10: [mem 0xf7cff000-0xf7cfffff]
[    0.436799] pci 0000:05:00.0: reg 10: [mem 0xfb000000-0xfbffffff]
[    0.436807] pci 0000:05:00.0: reg 14: [mem 0xd0000000-0xdfffffff 64bit pref]
[    0.436815] pci 0000:05:00.0: reg 1c: [mem 0xf8000000-0xf9ffffff 64bit]
[    0.436819] pci 0000:05:00.0: reg 24: [io  0xec00-0xec7f]
[    0.436823] pci 0000:05:00.0: reg 30: [mem 0xfafe0000-0xfaffffff pref]
[    0.436891] pci 0000:00:02.0: PCI bridge to [bus 05-05]
[    0.436894] pci 0000:00:02.0:   bridge window [io  0xe000-0xefff]
[    0.436896] pci 0000:00:02.0:   bridge window [mem 0xf8000000-0xfbffffff]
[    0.436899] pci 0000:00:02.0:   bridge window [mem 0xd0000000-0xdfffffff 64bit pref]
[    0.436929] pci 0000:04:00.0: reg 10: [io  0xd800-0xd8ff]
[    0.436945] pci 0000:04:00.0: reg 18: [mem 0xf7fff000-0xf7ffffff 64bit]
[    0.436962] pci 0000:04:00.0: reg 30: [mem 0xf7fc0000-0xf7fdffff pref]
[    0.436996] pci 0000:04:00.0: supports D1 D2
[    0.436997] pci 0000:04:00.0: PME# supported from D1 D2 D3hot D3cold
[    0.437001] pci 0000:04:00.0: PME# disabled
[    0.437053] pci 0000:00:06.0: PCI bridge to [bus 04-04]
[    0.437055] pci 0000:00:06.0:   bridge window [io  0xd000-0xdfff]
[    0.437058] pci 0000:00:06.0:   bridge window [mem 0xf7f00000-0xf7ffffff]
[    0.437107] pci 0000:03:00.0: reg 10: [mem 0xf7eff800-0xf7efffff 64bit]
[    0.437116] pci 0000:03:00.0: reg 18: [io  0xc800-0xc8ff]
[    0.437191] pci 0000:03:00.0: supports D2
[    0.437192] pci 0000:03:00.0: PME# supported from D2 D3hot D3cold
[    0.437197] pci 0000:03:00.0: PME# disabled
[    0.437257] pci 0000:00:07.0: PCI bridge to [bus 03-03]
[    0.437260] pci 0000:00:07.0:   bridge window [io  0xc000-0xcfff]
[    0.437262] pci 0000:00:07.0:   bridge window [mem 0xf7e00000-0xf7efffff]
[    0.437286] pci 0000:02:00.0: reg 10: [mem 0xf7df0000-0xf7dfffff]
[    0.437333] pci 0000:02:00.0: PME# supported from D0 D3hot
[    0.437336] pci 0000:02:00.0: PME# disabled
[    0.437383] pci 0000:00:0b.0: PCI bridge to [bus 02-02]
[    0.437387] pci 0000:00:0b.0:   bridge window [mem 0xf7d00000-0xf7dfffff]
[    0.437443] pci 0000:00:14.4: PCI bridge to [bus 01-01] (subtractive decode)
[    0.437465] ACPI: PCI Interrupt Routing Table [\_SB_.PCI0._PRT]
[    0.437597] ACPI: PCI Interrupt Routing Table [\_SB_.PCI0.PCE2._PRT]
[    0.437643] ACPI: PCI Interrupt Routing Table [\_SB_.PCI0.PCE6._PRT]
[    0.437681] ACPI: PCI Interrupt Routing Table [\_SB_.PCI0.PCE7._PRT]
[    0.437723] ACPI: PCI Interrupt Routing Table [\_SB_.PCI0.PCEB._PRT]
[    0.437772] ACPI: PCI Interrupt Routing Table [\_SB_.PCI0.P0PC._PRT]
[    0.440806] ACPI: PCI Interrupt Link [LNKA] (IRQs 4 *7 10 11 12 14 15)
[    0.440886] ACPI: PCI Interrupt Link [LNKB] (IRQs 4 7 *10 11 12 14 15)
[    0.440966] ACPI: PCI Interrupt Link [LNKC] (IRQs 4 7 10 *11 12 14 15)
[    0.441048] ACPI: PCI Interrupt Link [LNKD] (IRQs 4 7 *10 11 12 14 15)
[    0.441130] ACPI: PCI Interrupt Link [LNKE] (IRQs 4 7 10 11 12 14 15) *0, disabled.
[    0.441211] ACPI: PCI Interrupt Link [LNKF] (IRQs 4 7 10 11 12 14 15) *0, disabled.
[    0.441291] ACPI: PCI Interrupt Link [LNKG] (IRQs 4 7 10 *11 12 14 15)
[    0.441373] ACPI: PCI Interrupt Link [LNKH] (IRQs 4 7 10 11 12 14 15) *0, disabled.
[    0.441427] vgaarb: device added: PCI:0000:05:00.0,decodes=io+mem,owns=io+mem,locks=none
[    0.441429] vgaarb: loaded
[    0.441476] SCSI subsystem initialized
[    0.441499] libata version 3.00 loaded.
[    0.441499] usbcore: registered new interface driver usbfs
[    0.441499] usbcore: registered new interface driver hub
[    0.441499] usbcore: registered new device driver usb
[    0.441499] ACPI: WMI: Mapper loaded
[    0.441499] PCI: Using ACPI for IRQ routing
[    0.441499] PCI: pci_cache_line_size set to 64 bytes
[    0.441499] pci 0000:00:00.0: address space collision: [mem 0xe0000000-0xffffffff 64bit] already in use
[    0.441499] pci 0000:00:00.0: can't reserve [mem 0xe0000000-0xffffffff 64bit]
[    0.441499] Bluetooth: Core ver 2.15
[    0.441499] NET: Registered protocol family 31
[    0.441499] Bluetooth: HCI device and connection manager initialized
[    0.441499] Bluetooth: HCI socket layer initialized
[    0.441499] NetLabel: Initializing
[    0.441499] NetLabel:  domain hash size = 128
[    0.441499] NetLabel:  protocols = UNLABELED CIPSOv4
[    0.441499] NetLabel:  unlabeled traffic allowed by default
[    0.441499] hpet0: at MMIO 0xfed00000, IRQs 2, 8, 0, 0
[    0.441499] hpet0: 4 comparators, 32-bit 14.318180 MHz counter
[    0.443335] Switching to clocksource tsc
[    0.443381] pnp: PnP ACPI init
[    0.443385] ACPI: bus type pnp registered
[    0.446086] pnp 00:0c: disabling [mem 0x00000000-0x0009ffff] because it overlaps 0000:00:00.0 BAR 3 [mem 0x00000000-0x1fffffff 64bit]
[    0.446089] pnp 00:0c: disabling [mem 0x000c0000-0x000cffff] because it overlaps 0000:00:00.0 BAR 3 [mem 0x00000000-0x1fffffff 64bit]
[    0.446092] pnp 00:0c: disabling [mem 0x000e0000-0x000fffff] because it overlaps 0000:00:00.0 BAR 3 [mem 0x00000000-0x1fffffff 64bit]
[    0.446094] pnp 00:0c: disabling [mem 0x00100000-0xcfefffff] because it overlaps 0000:00:00.0 BAR 3 [mem 0x00000000-0x1fffffff 64bit]
[    0.446335] pnp: PnP ACPI: found 13 devices
[    0.446336] ACPI: ACPI bus type pnp unregistered
[    0.446341] system 00:06: [mem 0xfec00000-0xfec00fff] could not be reserved
[    0.446343] system 00:06: [mem 0xfee00000-0xfee00fff] has been reserved
[    0.446346] system 00:07: [io  0x04d0-0x04d1] has been reserved
[    0.446348] system 00:07: [io  0x040b] has been reserved
[    0.446349] system 00:07: [io  0x04d6] has been reserved
[    0.446351] system 00:07: [io  0x0c00-0x0c01] has been reserved
[    0.446352] system 00:07: [io  0x0c14] has been reserved
[    0.446354] system 00:07: [io  0x0c50-0x0c51] has been reserved
[    0.446355] system 00:07: [io  0x0c52] has been reserved
[    0.446356] system 00:07: [io  0x0c6c] has been reserved
[    0.446358] system 00:07: [io  0x0c6f] has been reserved
[    0.446359] system 00:07: [io  0x0cd0-0x0cd1] has been reserved
[    0.446361] system 00:07: [io  0x0cd2-0x0cd3] has been reserved
[    0.446362] system 00:07: [io  0x0cd4-0x0cd5] has been reserved
[    0.446364] system 00:07: [io  0x0cd6-0x0cd7] has been reserved
[    0.446365] system 00:07: [io  0x0cd8-0x0cdf] has been reserved
[    0.446367] system 00:07: [io  0x0b00-0x0b3f] has been reserved
[    0.446368] system 00:07: [io  0x0800-0x089f] has been reserved
[    0.446370] system 00:07: [io  0x0b00-0x0b0f] has been reserved
[    0.446371] system 00:07: [io  0x0b20-0x0b3f] has been reserved
[    0.446373] system 00:07: [io  0x0900-0x090f] has been reserved
[    0.446375] system 00:07: [io  0x0910-0x091f] has been reserved
[    0.446376] system 00:07: [io  0xfe00-0xfefe] has been reserved
[    0.446378] system 00:07: [mem 0xcff00000-0xcfffffff] could not be reserved
[    0.446380] system 00:07: [mem 0xffb80000-0xffbfffff] has been reserved
[    0.446381] system 00:07: [mem 0xfec10000-0xfec1001f] has been reserved
[    0.446384] system 00:0a: [io  0x0230-0x023f] has been reserved
[    0.446386] system 00:0a: [io  0x0290-0x029f] has been reserved
[    0.446387] system 00:0a: [io  0x0f40-0x0f4f] has been reserved
[    0.446389] system 00:0a: [io  0x0a30-0x0a3f] has been reserved
[    0.446391] system 00:0b: [mem 0xe0000000-0xefffffff] has been reserved
[    0.446394] system 00:0c: [mem 0xfec00000-0xffffffff] could not be reserved
[    0.450999] pci 0000:00:02.0: PCI bridge to [bus 05-05]
[    0.451001] pci 0000:00:02.0:   bridge window [io  0xe000-0xefff]
[    0.451003] pci 0000:00:02.0:   bridge window [mem 0xf8000000-0xfbffffff]
[    0.451006] pci 0000:00:02.0:   bridge window [mem 0xd0000000-0xdfffffff 64bit pref]
[    0.451009] pci 0000:00:06.0: PCI bridge to [bus 04-04]
[    0.451010] pci 0000:00:06.0:   bridge window [io  0xd000-0xdfff]
[    0.451013] pci 0000:00:06.0:   bridge window [mem 0xf7f00000-0xf7ffffff]
[    0.451015] pci 0000:00:06.0:   bridge window [mem pref disabled]
[    0.451017] pci 0000:00:07.0: PCI bridge to [bus 03-03]
[    0.451019] pci 0000:00:07.0:   bridge window [io  0xc000-0xcfff]
[    0.451021] pci 0000:00:07.0:   bridge window [mem 0xf7e00000-0xf7efffff]
[    0.451023] pci 0000:00:07.0:   bridge window [mem pref disabled]
[    0.451026] pci 0000:00:0b.0: PCI bridge to [bus 02-02]
[    0.451027] pci 0000:00:0b.0:   bridge window [io  disabled]
[    0.451029] pci 0000:00:0b.0:   bridge window [mem 0xf7d00000-0xf7dfffff]
[    0.451031] pci 0000:00:0b.0:   bridge window [mem pref disabled]
[    0.451034] pci 0000:00:14.4: PCI bridge to [bus 01-01]
[    0.451035] pci 0000:00:14.4:   bridge window [io  disabled]
[    0.451039] pci 0000:00:14.4:   bridge window [mem disabled]
[    0.451042] pci 0000:00:14.4:   bridge window [mem pref disabled]
[    0.451053] pci 0000:00:02.0: PCI INT A -> GSI 18 (level, low) -> IRQ 18
[    0.451055] pci 0000:00:02.0: setting latency timer to 64
[    0.451059] pci 0000:00:06.0: PCI INT A -> GSI 18 (level, low) -> IRQ 18
[    0.451061] pci 0000:00:06.0: setting latency timer to 64
[    0.451065] pci 0000:00:07.0: PCI INT A -> GSI 19 (level, low) -> IRQ 19
[    0.451068] pci 0000:00:07.0: setting latency timer to 64
[    0.451071] pci 0000:00:0b.0: PCI INT A -> GSI 19 (level, low) -> IRQ 19
[    0.451073] pci 0000:00:0b.0: setting latency timer to 64
[    0.451079] pci_bus 0000:00: resource 0 [io  0x0000-0xffff]
[    0.451080] pci_bus 0000:00: resource 1 [mem 0x00000000-0xffffffffffffffff]
[    0.451082] pci_bus 0000:05: resource 0 [io  0xe000-0xefff]
[    0.451083] pci_bus 0000:05: resource 1 [mem 0xf8000000-0xfbffffff]
[    0.451085] pci_bus 0000:05: resource 2 [mem 0xd0000000-0xdfffffff 64bit pref]
[    0.451086] pci_bus 0000:04: resource 0 [io  0xd000-0xdfff]
[    0.451088] pci_bus 0000:04: resource 1 [mem 0xf7f00000-0xf7ffffff]
[    0.451089] pci_bus 0000:03: resource 0 [io  0xc000-0xcfff]
[    0.451091] pci_bus 0000:03: resource 1 [mem 0xf7e00000-0xf7efffff]
[    0.451092] pci_bus 0000:02: resource 1 [mem 0xf7d00000-0xf7dfffff]
[    0.451094] pci_bus 0000:01: resource 3 [io  0x0000-0xffff]
[    0.451095] pci_bus 0000:01: resource 4 [mem 0x00000000-0xffffffffffffffff]
[    0.451109] NET: Registered protocol family 2
[    0.451225] IP route cache hash table entries: 262144 (order: 9, 2097152 bytes)
[    0.451963] TCP established hash table entries: 524288 (order: 11, 8388608 bytes)
[    0.453814] TCP bind hash table entries: 65536 (order: 8, 1048576 bytes)
[    0.454042] TCP: Hash tables configured (established 524288 bind 65536)
[    0.454044] TCP reno registered
[    0.454053] UDP hash table entries: 4096 (order: 5, 131072 bytes)
[    0.454095] UDP-Lite hash table entries: 4096 (order: 5, 131072 bytes)
[    0.454181] NET: Registered protocol family 1
[    0.632725] pci 0000:05:00.0: Boot video device
[    0.632735] PCI: CLS 64 bytes, default 64
[    0.632777] Trying to unpack rootfs image as initramfs...
[    0.733267] Freeing initrd memory: 7139k freed
[    0.734746] PCI-DMA: Disabling AGP.
[    0.734827] PCI-DMA: aperture base @ 20000000 size 65536 KB
[    0.734828] PCI-DMA: using GART IOMMU.
[    0.734830] PCI-DMA: Reserving 64MB of IOMMU area in the AGP aperture
[    0.738059] HugeTLB registered 2 MB page size, pre-allocated 0 pages
[    0.738817] VFS: Disk quotas dquot_6.5.2
[    0.738840] Dquot-cache hash table entries: 512 (order 0, 4096 bytes)
[    0.738951] EXT4-fs: Unable to register as ext3 (-16)
[    0.739027] squashfs: version 4.0 (2009/01/31) Phillip Lougher
[    0.739048] fuse init (API version 7.13)
[    0.739190] aufs 2-standalone.tree-20100125
[    0.739193] msgmni has been set to 16005
[    0.739349] alg: No test for stdrng (krng)
[    0.739388] io scheduler noop registered
[    0.739389] io scheduler deadline registered
[    0.739420] io scheduler cfq registered (default)
[    0.739479] pcieport 0000:00:02.0: setting latency timer to 64
[    0.739501] pcieport 0000:00:02.0: irq 24 for MSI/MSI-X
[    0.739554] pcieport 0000:00:06.0: setting latency timer to 64
[    0.739572] pcieport 0000:00:06.0: irq 25 for MSI/MSI-X
[    0.739617] pcieport 0000:00:07.0: setting latency timer to 64
[    0.739635] pcieport 0000:00:07.0: irq 26 for MSI/MSI-X
[    0.739679] pcieport 0000:00:0b.0: setting latency timer to 64
[    0.739697] pcieport 0000:00:0b.0: irq 27 for MSI/MSI-X
[    0.739792] input: Power Button as /devices/LNXSYSTM:00/LNXSYBUS:00/PNP0C0C:00/input/input0
[    0.739798] ACPI: Power Button [PWRB]
[    0.739818] input: Power Button as /devices/LNXSYSTM:00/LNXPWRBN:00/input/input1
[    0.739819] ACPI: Power Button [PWRF]
[    0.742588] brd: module loaded
[    0.742790] loop: module loaded
[    0.742858] ahci 0000:00:11.0: version 3.0
[    0.742867] ahci 0000:00:11.0: PCI INT A -> GSI 22 (level, low) -> IRQ 22
[    0.742902] ahci 0000:00:11.0: irq 28 for MSI/MSI-X
[    0.742970] ahci 0000:00:11.0: AHCI 0001.0100 32 slots 4 ports 3 Gbps 0xf impl SATA mode
[    0.742972] ahci 0000:00:11.0: flags: 64bit ncq sntf ilck pm led clo pmp pio slum part ccc sxs 
[    0.743151] scsi0 : ahci
[    0.743199] scsi1 : ahci
[    0.743228] scsi2 : ahci
[    0.743255] scsi3 : ahci
[    0.743315] ata1: SATA max UDMA/133 abar m1024@0xf7cfe400 port 0xf7cfe500 irq 28
[    0.743318] ata2: SATA max UDMA/133 abar m1024@0xf7cfe400 port 0xf7cfe580 irq 28
[    0.743320] ata3: SATA max UDMA/133 abar m1024@0xf7cfe400 port 0xf7cfe600 irq 28
[    0.743322] ata4: SATA max UDMA/133 abar m1024@0xf7cfe400 port 0xf7cfe680 irq 28
[    0.743455] pata_atiixp 0000:00:14.1: PCI INT A -> GSI 16 (level, low) -> IRQ 16
[    0.743470] pata_atiixp 0000:00:14.1: setting latency timer to 64
[    0.743514] scsi4 : pata_atiixp
[    0.743543] scsi5 : pata_atiixp
[    0.744358] ata5: PATA max UDMA/100 cmd 0x1f0 ctl 0x3f6 bmdma 0xff00 irq 14
[    0.744360] ata6: PATA max UDMA/100 cmd 0x170 ctl 0x376 bmdma 0xff08 irq 15
[    0.744585] Fixed MDIO Bus: probed
[    0.744625] ehci_hcd: USB 2.0 'Enhanced' Host Controller (EHCI) Driver
[    0.744653] ehci_hcd 0000:00:12.2: PCI INT B -> GSI 17 (level, low) -> IRQ 17
[    0.744663] ehci_hcd 0000:00:12.2: EHCI Host Controller
[    0.744683] ehci_hcd 0000:00:12.2: new USB bus registered, assigned bus number 1
[    0.744706] ehci_hcd 0000:00:12.2: debug port 1
[    0.744721] ehci_hcd 0000:00:12.2: irq 17, io mem 0xf7cfe800
[    0.752700] ehci_hcd 0000:00:12.2: USB 2.0 started, EHCI 1.00
[    0.752759] hub 1-0:1.0: USB hub found
[    0.752762] hub 1-0:1.0: 6 ports detected
[    0.752838] ehci_hcd 0000:00:13.2: PCI INT B -> GSI 19 (level, low) -> IRQ 19
[    0.752852] ehci_hcd 0000:00:13.2: EHCI Host Controller
[    0.752868] ehci_hcd 0000:00:13.2: new USB bus registered, assigned bus number 2
[    0.752892] ehci_hcd 0000:00:13.2: debug port 1
[    0.752907] ehci_hcd 0000:00:13.2: irq 19, io mem 0xf7cfec00
[    0.762699] ehci_hcd 0000:00:13.2: USB 2.0 started, EHCI 1.00
[    0.762747] hub 2-0:1.0: USB hub found
[    0.762750] hub 2-0:1.0: 6 ports detected
[    0.762798] uhci_hcd: USB Universal Host Controller Interface driver
[    0.762850] PNP: No PS/2 controller found. Probing ports directly.
[    0.763189] serio: i8042 KBD port at 0x60,0x64 irq 1
[    0.763193] serio: i8042 AUX port at 0x60,0x64 irq 12
[    0.763217] mice: PS/2 mouse device common for all mice
[    0.763263] rtc_cmos 00:02: RTC can wake from S4
[    0.763278] rtc_cmos 00:02: rtc core: registered rtc_cmos as rtc0
[    0.763299] rtc0: alarms up to one month, y3k, 114 bytes nvram, hpet irqs
[    0.763359] device-mapper: uevent: version 1.0.3
[    0.763415] device-mapper: ioctl: 4.16.0-ioctl (2009-11-05) initialised: dm-devel@redhat.com
[    0.763487] device-mapper: multipath: version 1.1.1 loaded
[    0.763489] device-mapper: multipath round-robin: version 1.0.0 loaded
[    0.763531] cpuidle: using governor ladder
[    0.763532] cpuidle: using governor menu
[    0.763658] TCP cubic registered
[    0.763716] NET: Registered protocol family 10
[    0.763885] lo: Disabled Privacy Extensions
[    0.763981] NET: Registered protocol family 17
[    0.763990] Bluetooth: L2CAP ver 2.14
[    0.763991] Bluetooth: L2CAP socket layer initialized
[    0.763992] Bluetooth: SCO (Voice Link) ver 0.6
[    0.763993] Bluetooth: SCO socket layer initialized
[    0.764031] Bluetooth: RFCOMM TTY layer initialized
[    0.764032] Bluetooth: RFCOMM socket layer initialized
[    0.764033] Bluetooth: RFCOMM ver 1.11
[    0.764062] registered taskstats version 1
[    0.764290] rtc_cmos 00:02: setting system clock to 2010-11-27 14:55:35 UTC (1290869735)
[    0.764292] BIOS EDD facility v0.16 2004-Jun-25, 0 devices found
[    0.764293] EDD information not available.
[    0.913342] ata5.01: ATAPI: _NEC DVD_RW ND-3520AW, 3.04, max UDMA/33
[    0.926613] ata5.01: configured for UDMA/33
[    1.062906] ata2: SATA link down (SStatus 0 SControl 300)
[    1.062931] ata4: SATA link down (SStatus 0 SControl 300)
[    1.126697] ata1: SATA link up 3.0 Gbps (SStatus 123 SControl 300)
[    1.126718] ata3: SATA link up 3.0 Gbps (SStatus 123 SControl 300)
[    1.129405] ata3.00: ATA-8: WDC WD20EADS-00S2B0, 04.05G04, max UDMA/133
[    1.129407] ata3.00: 3907029168 sectors, multi 16: LBA48 NCQ (depth 31/32), AA
[    1.130839] ata1.00: ATA-8: WDC WD5000AAKS-22YGA0, 12.01C02, max UDMA/133
[    1.130841] ata1.00: 976773168 sectors, multi 16: LBA48 NCQ (depth 31/32), AA
[    1.131759] ata1.00: configured for UDMA/133
[    1.132575] ata3.00: configured for UDMA/133
[    1.143419] scsi 0:0:0:0: Direct-Access     ATA      WDC WD5000AAKS-2 12.0 PQ: 0 ANSI: 5
[    1.143485] sd 0:0:0:0: Attached scsi generic sg0 type 0
[    1.143561] sd 0:0:0:0: [sda] 976773168 512-byte logical blocks: (500 GB/465 GiB)
[    1.143585] sd 0:0:0:0: [sda] Write Protect is off
[    1.143588] scsi 2:0:0:0: Direct-Access     ATA      WDC WD20EADS-00S 04.0 PQ: 0 ANSI: 5
[    1.143591] sd 0:0:0:0: [sda] Mode Sense: 00 3a 00 00
[    1.143601] sd 0:0:0:0: [sda] Write cache: enabled, read cache: enabled, doesn't support DPO or FUA
[    1.143662] sd 2:0:0:0: Attached scsi generic sg1 type 0
[    1.143680] sd 2:0:0:0: [sdb] 3907029168 512-byte logical blocks: (2.00 TB/1.81 TiB)
[    1.143682]  sda:
[    1.143710] sd 2:0:0:0: [sdb] Write Protect is off
[    1.143712] sd 2:0:0:0: [sdb] Mode Sense: 00 3a 00 00
[    1.143722] sd 2:0:0:0: [sdb] Write cache: enabled, read cache: enabled, doesn't support DPO or FUA
[    1.143782]  sdb:
[    1.146269] scsi 4:0:1:0: CD-ROM            _NEC     DVD_RW ND-3520AW 3.04 PQ: 0 ANSI: 5
[    1.149804] sr0: scsi3-mmc drive: 48x/48x writer cd/rw xa/form2 cdda tray
[    1.149806] Uniform CD-ROM driver Revision: 3.20
[    1.149850] sr 4:0:1:0: Attached scsi CD-ROM sr0
[    1.149870] sr 4:0:1:0: Attached scsi generic sg2 type 5
[    1.151818]  sda1 sda2 <
[    1.156692] usb 1-5: new high speed USB device using ehci_hcd and address 4
[    1.173514]  sda5 >
[    1.173653] sd 0:0:0:0: [sda] Attached SCSI disk
[    1.281050] hub 1-5:1.0: USB hub found
[    1.281161] hub 1-5:1.0: 4 ports detected
[    1.386686] usb 1-6: new high speed USB device using ehci_hcd and address 5
[    1.520745]  sdb1 sdb2
[    1.551477] sd 2:0:0:0: [sdb] Attached SCSI disk
[    1.551484] Freeing unused kernel memory: 512k freed
[    1.583487] Linux agpgart interface v0.103
[    1.594095] [drm] Initialized drm 1.1.0 20060810
[    1.594223] ohci_hcd: USB 1.1 'Open' Host Controller (OHCI) Driver
[    1.594458] ohci_hcd 0000:00:12.0: PCI INT A -> GSI 16 (level, low) -> IRQ 16
[    1.594486] ohci_hcd 0000:00:12.0: OHCI Host Controller
[    1.594556] ohci_hcd 0000:00:12.0: new USB bus registered, assigned bus number 3
[    1.594582] ohci_hcd 0000:00:12.0: irq 16, io mem 0xf7cf6000
[    1.595994] r8169 Gigabit Ethernet driver 2.3LK-NAPI loaded
[    1.601183] r8169 0000:04:00.0: PCI INT A -> GSI 18 (level, low) -> IRQ 18
[    1.601220] r8169 0000:04:00.0: setting latency timer to 64
[    1.601270] r8169 0000:04:00.0: irq 29 for MSI/MSI-X
[    1.601505] eth0: RTL8168b/8111b at 0xffffc90000c7c000, e0:cb:4e:7a:fe:34, XID 18000000 IRQ 29
[    1.609290] ohci1394 0000:03:00.0: PCI INT A -> GSI 19 (level, low) -> IRQ 19
[    1.609297] ohci1394 0000:03:00.0: setting latency timer to 64
[    1.616967] nouveau 0000:05:00.0: PCI INT A -> GSI 18 (level, low) -> IRQ 18
[    1.616970] nouveau 0000:05:00.0: setting latency timer to 64
[    1.618364] [drm] nouveau 0000:05:00.0: Detected an NV50 generation card (0x092880a2)
[    1.618894] [drm] nouveau 0000:05:00.0: Attempting to load BIOS image from PRAMIN
[    1.684092] [drm] nouveau 0000:05:00.0: ... appears to be valid
[    1.684094] [drm] nouveau 0000:05:00.0: BIT BIOS found
[    1.684096] [drm] nouveau 0000:05:00.0: Bios version 62.92.24.00
[    1.684098] [drm] nouveau 0000:05:00.0: TMDS table revision 2.0 not currently supported
[    1.684100] [drm] nouveau 0000:05:00.0: Found Display Configuration Block version 4.0
[    1.684102] [drm] nouveau 0000:05:00.0: DCB connector table: VHER 0x40 5 16 4
[    1.684103] [drm] nouveau 0000:05:00.0:   0: 0x00001030: type 0x30 idx 0 tag 0x07
[    1.684105] [drm] nouveau 0000:05:00.0:   1: 0x00002130: type 0x30 idx 1 tag 0x08
[    1.684106] [drm] nouveau 0000:05:00.0:   2: 0x00000210: type 0x10 idx 2 tag 0xff
[    1.684107] [drm] nouveau 0000:05:00.0:   3: 0x00000211: type 0x11 idx 2 tag 0xff
[    1.684108] [drm] nouveau 0000:05:00.0:   4: 0x00000213: type 0x13 idx 2 tag 0xff
[    1.684110] [drm] nouveau 0000:05:00.0: Raw DCB entry 0: 02000300 00000028
[    1.684112] [drm] nouveau 0000:05:00.0: Raw DCB entry 1: 01000302 00000030
[    1.684113] [drm] nouveau 0000:05:00.0: Raw DCB entry 2: 04011310 00000028
[    1.684114] [drm] nouveau 0000:05:00.0: Raw DCB entry 3: 02011312 00000030
[    1.684115] [drm] nouveau 0000:05:00.0: Raw DCB entry 4: 010223f1 00c0c080
[    1.684122] [drm] nouveau 0000:05:00.0: Parsing VBIOS init table 0 at offset 0xC17F
[    1.708263] hub 3-0:1.0: USB hub found
[    1.708268] hub 3-0:1.0: 3 ports detected
[    1.710354] ohci1394: fw-host0: OHCI-1394 1.1 (PCI): IRQ=[19]  MMIO=[f7eff800-f7efffff]  Max Packet=[2048]  IR/IT contexts=[4/8]
[    1.715410] ohci_hcd 0000:00:12.1: PCI INT A -> GSI 16 (level, low) -> IRQ 16
[    1.715424] ohci_hcd 0000:00:12.1: OHCI Host Controller
[    1.715445] ohci_hcd 0000:00:12.1: new USB bus registered, assigned bus number 4
[    1.715461] ohci_hcd 0000:00:12.1: irq 16, io mem 0xf7cf7000
[    1.726817] [drm] nouveau 0000:05:00.0: Parsing VBIOS init table 1 at offset 0xC530
[    1.740014] [drm] nouveau 0000:05:00.0: Parsing VBIOS init table 2 at offset 0xD2AB
[    1.740022] [drm] nouveau 0000:05:00.0: Parsing VBIOS init table 3 at offset 0xD3CD
[    1.746754] [drm] nouveau 0000:05:00.0: Parsing VBIOS init table 4 at offset 0xD5FD
[    1.746756] [drm] nouveau 0000:05:00.0: Parsing VBIOS init table at offset 0xD662
[    1.770698] [drm] nouveau 0000:05:00.0: 0xD662: Condition still not met after 20ms, skipping following opcodes
[    1.770705] [drm] nouveau 0000:05:00.0: 0xB3B0: parsing output script 0
[    1.770707] [drm] nouveau 0000:05:00.0: 0xB3B0: parsing output script 0
[    1.770708] [drm] nouveau 0000:05:00.0: 0x9FAE: parsing output script 0
[    1.797357] usb 1-5.4: new full speed USB device using ehci_hcd and address 6
[    1.868045] hub 4-0:1.0: USB hub found
[    1.868050] hub 4-0:1.0: 3 ports detected
[    1.868134] [TTM] Zone  kernel: Available graphics memory: 4097658 kiB.
[    1.868135] [TTM] Zone   dma32: Available graphics memory: 2097152 kiB.
[    1.868140] [drm] nouveau 0000:05:00.0: 512 MiB VRAM
[    1.879793] [drm] nouveau 0000:05:00.0: 512 MiB GART (aperture)
[    1.879799] ohci_hcd 0000:00:13.0: PCI INT A -> GSI 18 (level, low) -> IRQ 18
[    1.879828] ohci_hcd 0000:00:13.0: OHCI Host Controller
[    1.879847] ohci_hcd 0000:00:13.0: new USB bus registered, assigned bus number 5
[    1.879869] ohci_hcd 0000:00:13.0: irq 18, io mem 0xf7cfc000
[    1.881923] nouveau 0000:05:00.0: firmware: requesting nouveau/nv92.ctxprog
[    1.883006] [drm] nouveau 0000:05:00.0: No ctxprog for NV92
[    1.883518] [drm] nouveau 0000:05:00.0: Detected a DAC output
[    1.883520] [drm] nouveau 0000:05:00.0: Detected a TMDS output
[    1.883522] [drm] nouveau 0000:05:00.0: Detected a DAC output
[    1.883523] [drm] nouveau 0000:05:00.0: Detected a TMDS output
[    1.883524] [drm] nouveau 0000:05:00.0: DCB encoder 1 unknown
[    1.883526] [drm] nouveau 0000:05:00.0: Detected a DVI-I connector
[    1.883551] [drm] nouveau 0000:05:00.0: Detected a DVI-I connector
[    1.890794] usbcore: registered new interface driver hiddev
[    1.892115] input: Burr-Brown from TI               USB Audio CODEC  as /devices/pci0000:00/0000:00:12.2/usb1/1-5/1-5.4/1-5.4:1.3/input/input2
[    1.892145] generic-usb 0003:08BB:2900.0001: input,hidraw0: USB HID v1.00 Device [Burr-Brown from TI               USB Audio CODEC ] on usb-0000:00:12.2-5.4/input3
[    1.892162] usbcore: registered new interface driver usbhid
[    1.892163] usbhid: USB HID core driver
[    1.934143] hub 5-0:1.0: USB hub found
[    1.934149] hub 5-0:1.0: 3 ports detected
[    1.943358] ohci_hcd 0000:00:13.1: PCI INT A -> GSI 18 (level, low) -> IRQ 18
[    1.943386] ohci_hcd 0000:00:13.1: OHCI Host Controller
[    1.943407] ohci_hcd 0000:00:13.1: new USB bus registered, assigned bus number 6
[    1.943422] ohci_hcd 0000:00:13.1: irq 18, io mem 0xf7cfd000
[    2.000743] hub 6-0:1.0: USB hub found
[    2.000748] hub 6-0:1.0: 3 ports detected
[    2.010014] ohci_hcd 0000:00:14.5: PCI INT C -> GSI 18 (level, low) -> IRQ 18
[    2.010022] ohci_hcd 0000:00:14.5: OHCI Host Controller
[    2.010043] ohci_hcd 0000:00:14.5: new USB bus registered, assigned bus number 7
[    2.010055] ohci_hcd 0000:00:14.5: irq 18, io mem 0xf7cff000
[    2.076896] hub 7-0:1.0: USB hub found
[    2.076901] hub 7-0:1.0: 2 ports detected
[    2.079937] [drm] nouveau 0000:05:00.0: allocated 1600x1200 fb: 0x401c0000, bo ffff8802248a5400
[    2.079963] fb0: nouveaufb frame buffer device
[    2.079964] registered panic notifier
[    2.079966] [drm] Initialized nouveau 0.0.15 20090420 for 0000:05:00.0 on minor 0
[    2.083906] [drm] nouveau 0000:05:00.0: 0x10DB: parsing clock script 0
[    2.087762] Console: switching to colour frame buffer device 200x75
[    2.097092] usb 3-3: new low speed USB device using ohci_hcd and address 2
[    2.264346] input: BTC USB Multimedia Keyboard as /devices/pci0000:00/0000:00:12.0/usb3/3-3/3-3:1.0/input/input3
[    2.264374] generic-usb 0003:046D:C312.0002: input,hidraw1: USB HID v1.10 Keyboard [BTC USB Multimedia Keyboard] on usb-0000:00:12.0-3/input0
[    2.276248] input: BTC USB Multimedia Keyboard as /devices/pci0000:00/0000:00:12.0/usb3/3-3/3-3:1.1/input/input4
[    2.276289] generic-usb 0003:046D:C312.0003: input,hiddev96,hidraw2: USB HID v1.10 Device [BTC USB Multimedia Keyboard] on usb-0000:00:12.0-3/input1
[    2.403353] usb 4-1: new low speed USB device using ohci_hcd and address 2
[    2.571819] input: Logitech USB Optical Mouse as /devices/pci0000:00/0000:00:12.1/usb4/4-1/4-1:1.0/input/input5
[    2.571852] generic-usb 0003:046D:C018.0004: input,hidraw3: USB HID v1.11 Mouse [Logitech USB Optical Mouse] on usb-0000:00:12.1-1/input0
[    2.688609] EXT4-fs (sda1): mounted filesystem with ordered data mode
[    2.747864] EXT4-fs (sdb1): INFO: recovery required on readonly filesystem
[    2.747866] EXT4-fs (sdb1): write access will be enabled during recovery
[    2.874036] EXT4-fs (sdb1): recovery complete
[    2.874270] EXT4-fs (sdb1): mounted filesystem with ordered data mode
[    2.980900] ieee1394: Host added: ID:BUS[0-00:1023]  GUID[001e8c0000f06c4b]
[    4.319417] ISO 9660 Extensions: Microsoft Joliet Level 3
[    4.343030] ISO 9660 Extensions: RRIP_1991A
[    4.641335] aufs test_add:248:exe[547]: uid/gid/perm //filesystem.squashfs 1000/1000/0755, 0/0/0755
[   32.264726] cp[3693]: segfault at 7ffeffffcdd8 ip 00007f9ba01f8305 sp 00007ffeffffcde0 error 6 in libattr.so.1.1.0[7f9ba01f6000+4000]
[   32.542030] Adding 6080560k swap on /dev/sda5.  Priority:-1 extents:1 across:6080560k 
[   33.246444] udev: starting version 151
[   35.447136] rt2860sta: module is from the staging directory, the quality is unknown, you have been warned.
[   35.450056] rt2860 0000:02:00.0: PCI INT A -> GSI 19 (level, low) -> IRQ 19
[   35.450090] rt2860 0000:02:00.0: setting latency timer to 64
[   35.450194] === pAd = ffffc900146f8000, size = 515152 ===
[   35.450195] <-- RTMPAllocAdapterBlock, Status=0
[   35.450196] pAd->CSRBaseAddress =0xffffc90012520000, csr_addr=0xffffc90012520000!
[   35.450497] ACPI: I/O resource piix4_smbus [0xb00-0xb07] conflicts with ACPI region SOR1 [0xb00-0xb0f]
[   35.450538] ACPI: If an ACPI driver is available for this device, you should use it instead of the native driver
[   36.494681] Serial: 8250/16550 driver, 4 ports, IRQ sharing disabled
[   36.494819] serial8250: ttyS0 at I/O 0x3f8 (irq = 4) is a 16550A
[   36.581992] 00:08: ttyS0 at I/O 0x3f8 (irq = 4) is a 16550A
[   37.979289] r8169: eth0: link up
[   37.979296] r8169: eth0: link up
[   38.174756] RX DESC ffff88002786c000  size = 2048
[   38.174983] <-- RTMPAllocTxRxRingMemory, Status=0
[   38.176952] 1. Phy Mode = 0
[   38.176953] 2. Phy Mode = 0
[   38.190467] RTMPSetPhyMode: channel is out of range, use first channel=1 
[   38.193852] 3. Phy Mode = 0
[   38.216960] MCS Set = 00 00 00 00 00
[   38.218518] <==== rt28xx_init, Status=0
[   38.218579] 0x1300 = 00073200
[   38.546340] HDA Intel 0000:00:14.2: PCI INT A -> GSI 16 (level, low) -> IRQ 16
[   38.574099] usbcore: registered new interface driver snd-usb-audio
[   38.801199] hda_codec: ALC1200: BIOS auto-probing.
[   38.802676] input: HDA Digital PCBeep as /devices/pci0000:00/0000:00:14.2/input/input6
[   39.983103] mv[4372]: segfault at 7ffeffffe318 ip 00007f7cd1a1b305 sp 00007ffeffffe320 error 6 in libattr.so.1.1.0[7f7cd1a19000+4000]
[   43.459544] [drm] nouveau 0000:05:00.0: 0x10DB: parsing clock script 0
[   44.207242] mv[4875]: segfault at 7ffeffffdaf8 ip 00007fecb5dbe305 sp 00007ffeffffdb00 error 6 in libattr.so.1.1.0[7fecb5dbc000+4000]
[   44.207252] Process 4875(mv) has RLIMIT_CORE set to 0
[   44.207253] Aborting core
[   48.663374] eth0: no IPv6 routers present
[   48.974167] wlan0: no IPv6 routers present
[  126.073272] ata1.00: exception Emask 0x0 SAct 0x7 SErr 0x80000 action 0x0
[  126.073274] ata1.00: irq_stat 0x40000008
[  126.073279] ata1.00: cmd 60/a8:00:cf:30:00/00:00:00:00:00/40 tag 0 ncq 86016 in
[  126.073279]          res 41/40:00:48:31:00/00:00:00:00:00/40 Emask 0x409 (media error) <F>
[  126.075152] ata1.00: configured for UDMA/133
[  126.075159] ata1: EH complete
[  129.392569] ata1.00: exception Emask 0x0 SAct 0x7 SErr 0x0 action 0x0
[  129.392572] ata1.00: irq_stat 0x40000008
[  129.392576] ata1.00: cmd 60/a8:10:cf:30:00/00:00:00:00:00/40 tag 2 ncq 86016 in
[  129.392576]          res 41/40:00:48:31:00/00:00:00:00:00/40 Emask 0x409 (media error) <F>
[  129.394442] ata1.00: configured for UDMA/133
[  129.394450] ata1: EH complete
[  132.852850] ata1.00: exception Emask 0x0 SAct 0x7 SErr 0x0 action 0x0
[  132.852852] ata1.00: irq_stat 0x40000008
[  132.852857] ata1.00: cmd 60/a8:00:cf:30:00/00:00:00:00:00/40 tag 0 ncq 86016 in
[  132.852857]          res 41/40:00:48:31:00/00:00:00:00:00/40 Emask 0x409 (media error) <F>
[  132.854752] ata1.00: configured for UDMA/133
[  132.854760] ata1: EH complete
[  136.462481] ata1.00: exception Emask 0x0 SAct 0x7 SErr 0x0 action 0x0
[  136.462484] ata1.00: irq_stat 0x40000008
[  136.462488] ata1.00: cmd 60/a8:10:cf:30:00/00:00:00:00:00/40 tag 2 ncq 86016 in
[  136.462489]          res 41/40:00:48:31:00/00:00:00:00:00/40 Emask 0x409 (media error) <F>
[  136.464386] ata1.00: configured for UDMA/133
[  136.464393] ata1: EH complete
[  139.781704] ata1.00: exception Emask 0x0 SAct 0x7 SErr 0x0 action 0x0
[  139.781707] ata1.00: irq_stat 0x40000008
[  139.781711] ata1.00: cmd 60/a8:00:cf:30:00/00:00:00:00:00/40 tag 0 ncq 86016 in
[  139.781711]          res 41/40:00:48:31:00/00:00:00:00:00/40 Emask 0x409 (media error) <F>
[  139.783607] ata1.00: configured for UDMA/133
[  139.783614] ata1: EH complete
[  143.383079] ata1.00: exception Emask 0x0 SAct 0x7 SErr 0x0 action 0x0
[  143.383082] ata1.00: irq_stat 0x40000008
[  143.383086] ata1.00: cmd 60/a8:10:cf:30:00/00:00:00:00:00/40 tag 2 ncq 86016 in
[  143.383086]          res 41/40:00:48:31:00/00:00:00:00:00/40 Emask 0x409 (media error) <F>
[  143.384963] ata1.00: configured for UDMA/133
[  143.385017] sd 0:0:0:0: [sda] Unhandled sense code
[  143.385019] sd 0:0:0:0: [sda] Result: hostbyte=DID_OK driverbyte=DRIVER_SENSE
[  143.385021] sd 0:0:0:0: [sda] Sense Key : Medium Error [current] [descriptor]
[  143.385023] Descriptor sense data with sense descriptors (in hex):
[  143.385024]         72 03 11 04 00 00 00 0c 00 0a 80 00 00 00 00 00 
[  143.385028]         00 00 31 48 
[  143.385029] sd 0:0:0:0: [sda] Add. Sense: Unrecovered read error - auto reallocate failed
[  143.385032] sd 0:0:0:0: [sda] CDB: Read(10): 28 00 00 00 30 cf 00 00 a8 00
[  143.385036] end_request: I/O error, dev sda, sector 12616
[  143.385038] Buffer I/O error on device sda1, logical block 12553
[  143.385040] Buffer I/O error on device sda1, logical block 12554
[  143.385041] Buffer I/O error on device sda1, logical block 12555
[  143.385043] Buffer I/O error on device sda1, logical block 12556
[  143.385044] Buffer I/O error on device sda1, logical block 12557
[  143.385046] Buffer I/O error on device sda1, logical block 12558
[  143.385047] Buffer I/O error on device sda1, logical block 12559
[  143.385049] Buffer I/O error on device sda1, logical block 12560
[  143.385050] Buffer I/O error on device sda1, logical block 12561
[  143.385052] Buffer I/O error on device sda1, logical block 12562
[  143.385069] ata1: EH complete
[  147.017538] ata1.00: exception Emask 0x0 SAct 0x4 SErr 0x0 action 0x0
[  147.017540] ata1.00: irq_stat 0x40000008
[  147.017544] ata1.00: cmd 60/07:10:48:31:00/00:00:00:00:00/40 tag 2 ncq 3584 in
[  147.017545]          res 41/40:00:48:31:00/00:00:00:00:00/40 Emask 0x409 (media error) <F>
[  147.019427] ata1.00: configured for UDMA/133
[  147.019433] ata1: EH complete
[  150.477850] ata1.00: exception Emask 0x0 SAct 0x1 SErr 0x0 action 0x0
[  150.477852] ata1.00: irq_stat 0x40000008
[  150.477856] ata1.00: cmd 60/07:00:48:31:00/00:00:00:00:00/40 tag 0 ncq 3584 in
[  150.477857]          res 41/40:00:48:31:00/00:00:00:00:00/40 Emask 0x409 (media error) <F>
[  150.479729] ata1.00: configured for UDMA/133
[  150.479736] ata1: EH complete
[  153.938217] ata1.00: exception Emask 0x0 SAct 0x1 SErr 0x0 action 0x0
[  153.938220] ata1.00: irq_stat 0x40000008
[  153.938223] ata1.00: cmd 60/07:00:48:31:00/00:00:00:00:00/40 tag 0 ncq 3584 in
[  153.938224]          res 41/40:00:48:31:00/00:00:00:00:00/40 Emask 0x409 (media error) <F>
[  153.940087] ata1.00: configured for UDMA/133
[  153.940093] ata1: EH complete
[  157.398497] ata1.00: exception Emask 0x0 SAct 0x1 SErr 0x0 action 0x0
[  157.398499] ata1.00: irq_stat 0x40000008
[  157.398503] ata1.00: cmd 60/07:00:48:31:00/00:00:00:00:00/40 tag 0 ncq 3584 in
[  157.398504]          res 41/40:00:48:31:00/00:00:00:00:00/40 Emask 0x409 (media error) <F>
[  157.400377] ata1.00: configured for UDMA/133
[  157.400383] ata1: EH complete
[  161.008124] ata1.00: exception Emask 0x0 SAct 0x1 SErr 0x0 action 0x0
[  161.008127] ata1.00: irq_stat 0x40000008
[  161.008131] ata1.00: cmd 60/07:00:48:31:00/00:00:00:00:00/40 tag 0 ncq 3584 in
[  161.008131]          res 41/40:00:48:31:00/00:00:00:00:00/40 Emask 0x409 (media error) <F>
[  161.010028] ata1.00: configured for UDMA/133
[  161.010033] ata1: EH complete
[  164.468411] ata1.00: exception Emask 0x0 SAct 0x1 SErr 0x0 action 0x0
[  164.468414] ata1.00: irq_stat 0x40000008
[  164.468418] ata1.00: cmd 60/07:00:48:31:00/00:00:00:00:00/40 tag 0 ncq 3584 in
[  164.468418]          res 41/40:00:48:31:00/00:00:00:00:00/40 Emask 0x409 (media error) <F>
[  164.470315] ata1.00: configured for UDMA/133
[  164.470324] sd 0:0:0:0: [sda] Unhandled sense code
[  164.470325] sd 0:0:0:0: [sda] Result: hostbyte=DID_OK driverbyte=DRIVER_SENSE
[  164.470328] sd 0:0:0:0: [sda] Sense Key : Medium Error [current] [descriptor]
[  164.470330] Descriptor sense data with sense descriptors (in hex):
[  164.470331]         72 03 11 04 00 00 00 0c 00 0a 80 00 00 00 00 00 
[  164.470335]         00 00 31 48 
[  164.470337] sd 0:0:0:0: [sda] Add. Sense: Unrecovered read error - auto reallocate failed
[  164.470340] sd 0:0:0:0: [sda] CDB: Read(10): 28 00 00 00 31 48 00 00 07 00
[  164.470344] end_request: I/O error, dev sda, sector 12616
[  164.470346] quiet_error: 37 callbacks suppressed
[  164.470348] Buffer I/O error on device sda1, logical block 12553
[  164.470351] Buffer I/O error on device sda1, logical block 12554
[  164.470353] Buffer I/O error on device sda1, logical block 12555
[  164.470354] Buffer I/O error on device sda1, logical block 12556
[  164.470355] Buffer I/O error on device sda1, logical block 12557
[  164.470357] Buffer I/O error on device sda1, logical block 12558
[  164.470358] Buffer I/O error on device sda1, logical block 12559
[  164.470368] ata1: EH complete
[  167.928721] ata1.00: exception Emask 0x0 SAct 0x1 SErr 0x0 action 0x0
[  167.928723] ata1.00: irq_stat 0x40000008
[  167.928727] ata1.00: cmd 60/07:00:48:31:00/00:00:00:00:00/40 tag 0 ncq 3584 in
[  167.928728]          res 41/40:00:48:31:00/00:00:00:00:00/40 Emask 0x409 (media error) <F>
[  167.930624] ata1.00: configured for UDMA/133
[  167.930630] ata1: EH complete
[  171.388917] ata1.00: exception Emask 0x0 SAct 0x1 SErr 0x0 action 0x0
[  171.388920] ata1.00: irq_stat 0x40000008
[  171.388924] ata1.00: cmd 60/07:00:48:31:00/00:00:00:00:00/40 tag 0 ncq 3584 in
[  171.388924]          res 41/40:00:48:31:00/00:00:00:00:00/40 Emask 0x409 (media error) <F>
[  171.390823] ata1.00: configured for UDMA/133
[  171.390829] ata1: EH complete
[  174.849295] ata1.00: exception Emask 0x0 SAct 0x1 SErr 0x0 action 0x0
[  174.849298] ata1.00: irq_stat 0x40000008
[  174.849302] ata1.00: cmd 60/07:00:48:31:00/00:00:00:00:00/40 tag 0 ncq 3584 in
[  174.849303]          res 41/40:00:48:31:00/00:00:00:00:00/40 Emask 0x409 (media error) <F>
[  174.851200] ata1.00: configured for UDMA/133
[  174.851207] ata1: EH complete
[  178.019150] ata1.00: exception Emask 0x0 SAct 0x1 SErr 0x0 action 0x0
[  178.019153] ata1.00: irq_stat 0x40000008
[  178.019157] ata1.00: cmd 60/07:00:48:31:00/00:00:00:00:00/40 tag 0 ncq 3584 in
[  178.019158]          res 41/40:00:48:31:00/00:00:00:00:00/40 Emask 0x409 (media error) <F>
[  178.021034] ata1.00: configured for UDMA/133
[  178.021040] ata1: EH complete
[  181.330075] ata1.00: exception Emask 0x0 SAct 0x1 SErr 0x0 action 0x0
[  181.330078] ata1.00: irq_stat 0x40000008
[  181.330082] ata1.00: cmd 60/07:00:48:31:00/00:00:00:00:00/40 tag 0 ncq 3584 in
[  181.330082]          res 41/40:00:48:31:00/00:00:00:00:00/40 Emask 0x409 (media error) <F>
[  181.331956] ata1.00: configured for UDMA/133
[  181.331963] ata1: EH complete
[  184.350471] ata1.00: exception Emask 0x0 SAct 0x1 SErr 0x0 action 0x0
[  184.350474] ata1.00: irq_stat 0x40000008
[  184.350478] ata1.00: cmd 60/07:00:48:31:00/00:00:00:00:00/40 tag 0 ncq 3584 in
[  184.350478]          res 41/40:00:48:31:00/00:00:00:00:00/40 Emask 0x409 (media error) <F>
[  184.352342] ata1.00: configured for UDMA/133
[  184.352352] sd 0:0:0:0: [sda] Unhandled sense code
[  184.352353] sd 0:0:0:0: [sda] Result: hostbyte=DID_OK driverbyte=DRIVER_SENSE
[  184.352355] sd 0:0:0:0: [sda] Sense Key : Medium Error [current] [descriptor]
[  184.352358] Descriptor sense data with sense descriptors (in hex):
[  184.352359]         72 03 11 04 00 00 00 0c 00 0a 80 00 00 00 00 00 
[  184.352363]         00 00 31 48 
[  184.352364] sd 0:0:0:0: [sda] Add. Sense: Unrecovered read error - auto reallocate failed
[  184.352367] sd 0:0:0:0: [sda] CDB: Read(10): 28 00 00 00 31 48 00 00 07 00
[  184.352371] end_request: I/O error, dev sda, sector 12616
[  184.352374] Buffer I/O error on device sda1, logical block 12553
[  184.352377] Buffer I/O error on device sda1, logical block 12554
[  184.352378] Buffer I/O error on device sda1, logical block 12555
[  184.352380] Buffer I/O error on device sda1, logical block 12556
[  184.352381] Buffer I/O error on device sda1, logical block 12557
[  184.352383] Buffer I/O error on device sda1, logical block 12558
[  184.352384] Buffer I/O error on device sda1, logical block 12559
[  184.352395] ata1: EH complete
[  687.178533] EXT4-fs (sda1): mounted filesystem with ordered data mode
